The XKEYBOARD keymap compiler (xkbcomp) reports:
> Warning:          Could not resolve keysym XF86CameraAccessEnable
> Warning:          Could not resolve keysym XF86CameraAccessDisable
> Warning:          Could not resolve keysym XF86CameraAccessToggle
> Warning:          Could not resolve keysym XF86NextElement
> Warning:          Could not resolve keysym XF86PreviousElement
> Warning:          Could not resolve keysym XF86AutopilotEngageToggle
> Warning:          Could not resolve keysym XF86MarkWaypoint
> Warning:          Could not resolve keysym XF86Sos
> Warning:          Could not resolve keysym XF86NavChart
> Warning:          Could not resolve keysym XF86FishingChart
> Warning:          Could not resolve keysym XF86SingleRangeRadar
> Warning:          Could not resolve keysym XF86DualRangeRadar
> Warning:          Could not resolve keysym XF86RadarOverlay
> Warning:          Could not resolve keysym XF86TraditionalSonar
> Warning:          Could not resolve keysym XF86ClearvuSonar
> Warning:          Could not resolve keysym XF86SidevuSonar
> Warning:          Could not resolve keysym XF86NavInfo
Errors from xkbcomp are not fatal to the X server

(metacity:103235): metacity-WARNING **: 21:33:44.233: Buggy client sent a _NET_ACTIVE_WINDOW message with a timestamp of 0 for 0x200003 (Scanning VST plugins...)

(metacity:103235): metacity-WARNING **: 21:33:44.257: Buggy client sent a _NET_ACTIVE_WINDOW message with a timestamp of 0 for 0x200016 (REAPER v7.75 - EVALUATION LICE)

(metacity:103235): metacity-WARNING **: 21:33:44.271: Buggy client sent a _NET_ACTIVE_WINDOW message with a timestamp of 0 for 0x200024 (REAPER (loading))

(metacity:103235): metacity-WARNING **: 21:33:44.379: Buggy client sent a _NET_ACTIVE_WINDOW message with a timestamp of 0 for 0x200016 (arrangement - REAPER v7.75 - E)

(metacity:103235): metacity-WARNING **: 21:33:45.416: Buggy client sent a _NET_ACTIVE_WINDOW message with a timestamp of 0 for 0x200130 (Rendering to file...)

(metacity:103235): metacity-WARNING **: 21:33:47.528: Buggy client sent a _NET_ACTIVE_WINDOW message with a timestamp of 0 for 0x200016 (arrangement - REAPER v7.75 - E)

(metacity:103235): metacity-WARNING **: 21:33:47.540: Buggy client sent a _NET_ACTIVE_WINDOW message with a timestamp of 0 for 0x200130 (Rendering to file...)

(metacity:103235): metacity-WARNING **: 21:33:49.688: Buggy client sent a _NET_ACTIVE_WINDOW message with a timestamp of 0 for 0x200016 (arrangement - REAPER v7.75 - E)

(metacity:103235): metacity-WARNING **: 21:33:49.700: Buggy client sent a _NET_ACTIVE_WINDOW message with a timestamp of 0 for 0x200130 (Rendering to file...)

(metacity:103235): metacity-WARNING **: 21:33:51.764: Buggy client sent a _NET_ACTIVE_WINDOW message with a timestamp of 0 for 0x200016 (arrangement - REAPER v7.75 - E)
reaper: activating running instance...done
reaper: opening project '' with flags 52... done
jack: created client
jack: setting TIME_CRITICAL = 57
jack: activated client
jack: deactivated client
jack: close client
The XKEYBOARD keymap compiler (xkbcomp) reports:
> Warning:          Could not resolve keysym XF86CameraAccessEnable
> Warning:          Could not resolve keysym XF86CameraAccessDisable
> Warning:          Could not resolve keysym XF86CameraAccessToggle
> Warning:          Could not resolve keysym XF86NextElement
> Warning:          Could not resolve keysym XF86PreviousElement
> Warning:          Could not resolve keysym XF86AutopilotEngageToggle
> Warning:          Could not resolve keysym XF86MarkWaypoint
> Warning:          Could not resolve keysym XF86Sos
> Warning:          Could not resolve keysym XF86NavChart
> Warning:          Could not resolve keysym XF86FishingChart
> Warning:          Could not resolve keysym XF86SingleRangeRadar
> Warning:          Could not resolve keysym XF86DualRangeRadar
> Warning:          Could not resolve keysym XF86RadarOverlay
> Warning:          Could not resolve keysym XF86TraditionalSonar
> Warning:          Could not resolve keysym XF86ClearvuSonar
> Warning:          Could not resolve keysym XF86SidevuSonar
> Warning:          Could not resolve keysym XF86NavInfo
Errors from xkbcomp are not fatal to the X server
