1,2,0,0,3360169017057
1,4,768,0,3360179451520
1,1,768,0,3360179549482
1,2,768,0,3360179706442
1,2,10752,0,3360196121642
1,3,17920,192,3360204832324
1,5,2492416,0,3363101674876
1,1,2492416,0,3363101754234
1,2,2492416,0,3363101941858
1,2,2496256,0,3363117157845
0,2,0,0,3360169004804
0,4,1280,0,3360179447114
0,1,1280,0,3360179556959
0,2,1280,0,3360179582669
0,2,19712,0,3360195825737
0,3,25088,192,3360199593414
0,5,2507008,0,3363101671113
0,1,2507008,0,3363101768862
0,2,2507008,0,3363101797909
0,2,2513408,0,3363117157943
