1790622501.939 sleep 2
1790622504.239 click rec-start
1790622505.029 shot w01-split-open
1790622505.840 click toggle:1
1790622506.632 sleep 1
1790622507.933 shot w02-keys-bend-channel
1790622508.753 wait 36
1790622537.939 click toggle:6
1790622538.728 sleep 1
1790622540.028 shot w03-bass-bend-channel
1790622540.853 dragby knob:6.channel 0 120
1790622542.239 sleep 1
1790622543.539 shot w04-bass-all-channels
1790622544.360 wait 49
1790622550.939 key ctrl+z
1790622551.268 sleep 1
1790622552.571 shot w05-bass-back-to-ch2
1790622553.409 wait 52
1790622553.939 click rec-stop
1790622554.728 sleep 1
1790622556.028 shot w06-take
