1790447787.897 sleep 3
1790447791.197 shot wt-01-playing
1790447794.826 wiggle knob:3.m1 3 30
1790447798.664 dragby pslider:3.m3 -60 0
1790447800.132 midi ramp 1 21 0 127 2
1790447800.133 midi ramp 1 24 127 20 2
1790447800.133 sleep 1
1790447801.433 shot wt-02-cc-moving
1790447802.359 sleep 1.2
1790447803.860 midi ramp 1 21 127 0 3
1790447803.860 drag out:10.out in:22.in4
1790447805.327 sleep 0.5
1790447806.127 shot wt-03-structural-during-cc
1790447807.064 sleep 2.5
1790447809.866 key ctrl+z
1790447810.203 sleep 1
1790447811.503 key ctrl+z
1790447811.838 sleep 1.2
1790447813.338 key ctrl+shift+z
1790447813.682 sleep 1
1790447814.983 key ctrl+shift+z
1790447815.337 sleep 1.2
1790447816.837 click compare-open
1790447817.666 sleep 0.5
1790447818.466 click compare-capture
1790447819.279 sleep 0.5
1790447820.082 dragby pslider:3.m4 -80 0
1790447821.529 midi ramp 1 24 20 110 1
1790447821.529 sleep 1.5
1790447823.329 click compare-restore
1790447824.149 sleep 0.5
1790447824.949 click dlg:restore
1790447825.777 sleep 1.5
1790447827.577 shot wt-04-reference-restored
1790447828.479 click compare-undo
1790447829.323 sleep 1.5
1790447831.123 shot wt-05-my-version
1790447832.030 click compare-close
1790447832.863 sleep 0.5
1790447833.665 click inspect-open
1790447834.481 click module:14
1790447835.294 click inspect-port:14.out
1790447836.106 sleep 1.5
1790447837.906 midi ramp 1 20 0 127 3
1790447837.907 wiggle knob:3.m1 2 25
1790447840.721 shot wt-06-inspect-during-controls
1790447841.618 sleep 1
1790447842.921 dragby in:14.in 0 170
1790447844.386 sleep 1.5
1790447846.187 click why
1790447847.000 sleep 1
1790447848.300 shot wt-07-why-missing-audio-input
1790447849.225 sleep 2
1790447851.526 key ctrl+z
1790447851.862 sleep 2
1790447854.165 click why
1790447854.990 sleep 1
1790447856.291 shot wt-08-why-undone
1790447857.211 sleep 2
