1,2,0,0,3247595733779
1,4,512,0,3247605173561
1,1,512,0,3247605256967
1,2,512,0,3247605415703
1,2,13568,0,3247623092823
1,3,37376,128,3247649330930
1,5,2493440,0,3250515795328
1,1,2493440,0,3250515852716
1,2,2493440,0,3250515972475
1,2,2501376,0,3250538482698
0,2,0,0,3247595732237
0,4,512,0,3247605169400
0,1,512,0,3247605259963
0,2,512,0,3247605286571
0,2,21248,0,3247622586954
0,3,23040,192,3247623854671
0,5,2504960,0,3250515792835
0,1,2504960,0,3250515853096
0,2,2504960,0,3250515882120
0,2,2516480,0,3250538485471
