== close-1-cancel-save (video t0 = first line of part 1)
1790344832.743 sleep 2
1790344835.044 click sound:factory:palette/pad
1790344835.871 click open
1790344836.712 sleep 1
1790344838.016 click perform
1790344838.860 sleep 0.5
1790344839.660 dragby pslider:1.m1 60 0
1790344841.153 sleep 0.5
1790344841.956 shot c1-edited
1790344842.871 wmclose
1790344843.176 sleep 1
1790344844.477 shot c1-close-question
1790344845.402 click dlg:cancel
1790344846.243 sleep 1
1790344847.543 running
1790344847.543 = running
1790344847.843 shot c1-after-cancel
1790344848.774 wmclose
1790344849.079 sleep 1
1790344850.379 click dlg:save
1790344851.232 sleep 0.8
1790344852.333 fill dlg:name Closed Pad
1790344853.372 sleep 0.5
1790344854.176 shot c1-save-as-from-close
1790344855.096 click dlg:save
1790344855.962 exited 5
1790344855.962 = exited 0
== close-2-failed-save (video t0 = first line of part 1)
1790344859.034 sleep 2
1790344861.334 click filter:user
1790344862.202 click sound:user:closed-pad
1790344863.071 click open
1790344863.916 sleep 1
1790344865.216 click perform
1790344866.104 sleep 0.5
1790344866.908 dragby pslider:1.m1 -60 0
1790344868.439 sleep 0.5
1790344869.240 wmclose
1790344869.549 sleep 1
1790344870.849 click dlg:save
1790344871.710 sleep 1
1790344873.010 shot c2-save-failed
1790344873.911 running
1790344873.912 = running
1790344874.212 wmclose
1790344874.525 sleep 1
1790344875.829 running
1790344875.829 = running
1790344876.132 shot c2-close-while-question-open
1790344877.043 click dlg:discard
1790344877.915 exited 5
1790344877.915 = exited 0
== close-3-dialog-open (video t0 = first line of part 1)
1790344880.987 sleep 2
1790344883.288 click sound:factory:palette/lead
1790344884.116 click open
1790344884.943 sleep 1
1790344886.248 click perform
1790344887.111 sleep 0.5
1790344887.911 dragby pslider:1.m1 40 0
1790344889.469 click save-as
1790344890.334 sleep 0.8
1790344891.436 wmclose
1790344891.743 sleep 1
1790344893.043 running
1790344893.043 = running
1790344893.347 shot c3-close-while-save-as-open
1790344894.253 click dlg:cancel
1790344895.147 sleep 0.5
1790344895.948 wmclose
1790344896.253 sleep 1
1790344897.555 click dlg:discard
1790344898.416 exited 5
1790344898.416 = exited 0
== close-4-unedited (video t0 = first line of part 1)
1790344901.472 sleep 2
1790344903.773 click sound:factory:palette/lead
1790344904.590 click open
1790344905.440 sleep 1
1790344906.740 wmclose
1790344907.053 exited 5
1790344907.053 = exited 0
