1790376152.603 sleep 2
1790376154.903 click inspect-open
1790376155.727 click module:4
1790376156.548 click inspect-port:4.out
1790376157.373 midi on 60 90
1790376157.373 sleep 2
1790376159.673 shot 1-live
1790376160.550 hold knob:3.cutoff_hz 0 -2
1790376161.971 nudge 0 -2
1790376162.695 sleep 0.05
1790376163.048 nudge 0 -2
1790376163.762 sleep 0.05
1790376164.114 nudge 0 -2
1790376164.836 sleep 0.05
1790376165.187 nudge 0 -2
1790376165.908 sleep 0.05
1790376166.258 nudge 0 -2
1790376166.979 sleep 0.05
1790376167.329 nudge 0 -2
1790376168.035 sleep 0.05
1790376168.385 nudge 0 -2
1790376169.095 sleep 0.05
1790376169.448 nudge 0 -2
1790376170.164 sleep 0.05
1790376170.517 nudge 0 -2
1790376171.238 sleep 0.05
1790376171.588 nudge 0 -2
1790376172.320 sleep 0.05
1790376172.676 nudge 0 -2
1790376173.398 sleep 0.05
1790376173.749 nudge 0 -2
1790376174.455 sleep 0.05
1790376174.805 nudge 0 -2
1790376175.507 sleep 0.05
1790376175.857 nudge 0 -2
1790376176.562 sleep 0.05
1790376176.913 nudge 0 2
1790376177.628 sleep 0.05
1790376177.978 nudge 0 2
1790376178.703 sleep 0.05
1790376179.054 nudge 0 2
1790376179.780 sleep 0.05
1790376180.131 nudge 0 2
1790376180.838 sleep 0.05
1790376181.190 nudge 0 2
1790376181.898 sleep 0.05
1790376182.252 nudge 0 2
1790376182.976 sleep 0.05
1790376183.326 nudge 0 2
1790376184.044 sleep 0.05
1790376184.394 nudge 0 2
1790376185.105 sleep 0.05
1790376185.455 nudge 0 2
1790376186.164 sleep 0.05
1790376186.514 nudge 0 2
1790376187.233 sleep 0.05
1790376187.584 nudge 0 2
1790376188.293 sleep 0.05
1790376188.644 nudge 0 2
1790376189.355 sleep 0.05
1790376189.705 nudge 0 2
1790376190.424 sleep 0.05
1790376190.774 nudge 0 2
1790376191.483 sleep 0.05
1790376191.833 nudge 0 -2
1790376192.542 sleep 0.05
1790376192.892 nudge 0 -2
1790376193.595 sleep 0.05
1790376193.947 nudge 0 -2
1790376194.660 sleep 0.05
1790376195.010 nudge 0 -2
1790376195.712 sleep 0.05
1790376196.063 nudge 0 -2
1790376196.777 sleep 0.05
1790376197.127 nudge 0 -2
1790376197.833 sleep 0.05
1790376198.184 nudge 0 -2
1790376198.892 sleep 0.05
1790376199.243 nudge 0 -2
1790376199.966 sleep 0.05
1790376200.316 nudge 0 -2
1790376201.027 sleep 0.05
1790376201.380 nudge 0 -2
1790376202.081 sleep 0.05
1790376202.431 nudge 0 -2
1790376203.136 sleep 0.05
1790376203.486 nudge 0 -2
1790376204.189 sleep 0.05
1790376204.544 nudge 0 -2
1790376205.256 sleep 0.05
1790376205.606 nudge 0 -2
1790376206.312 sleep 0.05
1790376206.662 shot 2-mid-drag
1790376207.536 nudge 0 2
1790376208.250 sleep 0.05
1790376208.601 nudge 0 2
1790376209.307 sleep 0.05
1790376209.658 nudge 0 2
1790376210.379 sleep 0.05
1790376210.729 nudge 0 2
1790376211.436 sleep 0.05
1790376211.787 nudge 0 2
1790376212.496 sleep 0.05
1790376212.846 nudge 0 2
1790376213.564 sleep 0.05
1790376213.914 nudge 0 2
1790376214.624 sleep 0.05
1790376214.974 nudge 0 2
1790376215.680 sleep 0.05
1790376216.032 nudge 0 2
1790376216.735 sleep 0.05
1790376217.086 nudge 0 2
1790376217.806 sleep 0.05
1790376218.157 nudge 0 2
1790376218.861 sleep 0.05
1790376219.212 nudge 0 2
1790376219.922 sleep 0.05
1790376220.272 nudge 0 2
1790376220.990 sleep 0.05
1790376221.341 nudge 0 2
1790376222.058 sleep 0.05
1790376222.408 nudge 0 -2
1790376223.117 sleep 0.05
1790376223.467 nudge 0 -2
1790376224.182 sleep 0.05
1790376224.533 nudge 0 -2
1790376225.233 sleep 0.05
1790376225.583 nudge 0 -2
1790376226.292 sleep 0.05
1790376226.643 nudge 0 -2
1790376227.355 sleep 0.05
1790376227.706 nudge 0 -2
1790376228.412 sleep 0.05
1790376228.762 nudge 0 -2
1790376229.473 sleep 0.05
1790376229.823 nudge 0 -2
1790376230.540 sleep 0.05
1790376230.890 nudge 0 -2
1790376231.592 sleep 0.05
1790376231.943 nudge 0 -2
1790376232.658 sleep 0.05
1790376233.009 nudge 0 -2
1790376233.723 sleep 0.05
1790376234.075 nudge 0 -2
1790376234.776 sleep 0.05
1790376235.126 nudge 0 -2
1790376235.827 sleep 0.05
1790376236.179 nudge 0 -2
1790376236.891 sleep 0.05
1790376237.244 nudge 0 2
1790376237.957 sleep 0.05
1790376238.307 nudge 0 2
1790376239.018 sleep 0.05
1790376239.368 nudge 0 2
1790376240.086 sleep 0.05
1790376240.437 nudge 0 2
1790376241.143 sleep 0.05
1790376241.495 nudge 0 2
1790376242.208 sleep 0.05
1790376242.559 nudge 0 2
1790376243.253 sleep 0.05
1790376243.604 nudge 0 2
1790376244.304 sleep 0.05
1790376244.654 nudge 0 2
1790376245.365 sleep 0.05
1790376245.716 nudge 0 2
1790376246.414 sleep 0.05
1790376246.765 nudge 0 2
1790376247.464 sleep 0.05
1790376247.815 nudge 0 2
1790376248.517 sleep 0.05
1790376248.867 nudge 0 2
1790376249.572 sleep 0.05
1790376249.925 nudge 0 2
1790376250.639 sleep 0.05
1790376250.989 nudge 0 2
1790376251.694 sleep 0.05
1790376252.046 release
1790376252.353 sleep 1
1790376253.654 shot 3-after-drag
1790376254.505 dragby in:4.in 0 170
1790376255.959 shot 4-just-removed
1790376256.816 sleep 1.5
1790376258.616 shot 5-new-silence
1790376259.464 click why
1790376260.294 sleep 1
1790376261.595 shot 6-why-removed
1790376262.479 key ctrl+z
1790376262.816 sleep 2
1790376265.117 shot 7-undone
1790376266.000 click why
1790376266.798 sleep 1
1790376268.098 shot 8-why-undone
1790376268.960 midi off 60
1790376268.960 sleep 1
