1790353662.988 sleep 2
1790353665.289 midi on 48 80
1790353665.289 midi on 55 80
1790353665.289 midi on 60 80
1790353665.289 midi on 64 80
1790353665.289 sleep 3
1790353668.595 click pexplain:1.m1
1790353669.448 sleep 4
1790353673.749 midi ramp 1 20 51 120 4
1790353673.749 sleep 5
1790353679.049 click explain-dest:28
1790353679.910 sleep 4
1790353684.213 click explain-dest:29
1790353685.057 sleep 4
1790353689.357 midi ramp 1 20 120 30 4
1790353689.358 sleep 5
1790353694.658 click explain-back
1790353695.503 sleep 3
1790353698.803 click pexplain:8.attack_ms
1790353699.657 sleep 3
1790353702.957 click explain-show:8.attack_ms
1790353703.806 sleep 3
1790353707.107 midi off 48
1790353707.107 midi off 55
1790353707.107 midi off 60
1790353707.107 midi off 64
1790353707.107 sleep 3
1790353710.408 click pexplain:1.m1
1790353711.257 sleep 1
1790353712.566 click explain-dest:28
1790353713.410 sleep 2
1790353715.710 midi on 48 80
1790353715.710 midi on 60 80
1790353715.710 midi on 67 80
1790353715.710 sleep 3
1790353719.011 click bypass:28
1790353719.838 sleep 4
1790353724.139 key ctrl+z
1790353724.476 sleep 4
1790353728.776 click help
1790353729.615 sleep 3
1790353732.916 key Escape
1790353733.232 sleep 2
1790353735.533 midi off 48
1790353735.533 midi off 60
1790353735.533 midi off 67
1790353735.533 sleep 4
